# (A) (B) (C)
#
# (A) local image tag
# (B) remote image name:tag
# (C) helm chart version
#
local cr.fluentbit.io/fluent/fluent-bit:4.0.3 0.49.1
local docker.io/axllent/mailpit:v1.26.0 -
local docker.io/curlimages/curl:8.13.0 -
local docker.io/grafana/grafana:12.0.1 9.2.2
local docker.io/jimmidyson/configmap-reload:v0.9.0 -
local docker.io/nginx:1.28.0 -
local docker.io/prom/alertmanager:v0.28.1 -
local docker.io/victoriametrics/operator:v0.59.1 0.49.1
local docker.io/victoriametrics/victoria-logs:v1.23.3-victorialogs -
local docker.io/victoriametrics/vmalert:v1.118.0 -
local docker.io/victoriametrics/vmauth:v1.118.0 -
local docker.io/victoriametrics/vminsert:v1.118.0-cluster -
local docker.io/victoriametrics/vmselect:v1.118.0-cluster -
local docker.io/victoriametrics/vmstorage:v1.118.0-cluster -
local quay.io/prometheus-operator/prometheus-config-reloader:v0.83.0 -
local quay.io/prometheus/blackbox-exporter:v0.26.0 10.1.0
v1.9.1 quay.io/prometheus/node-exporter:v1.9.1 4.47.0 # (A)==(B:tag), not "local"
local quay.io/prometheus/prometheus:v3.4.1 27.20.0
local quay.io/prometheus/pushgateway:v1.11.1 3.3.0
local registry.k8s.io/kube-state-metrics/kube-state-metrics:v2.15.0 5.36.0
local quay.io/prometheuscommunity/avalanche:v0.7.0 -
