local cr.fluentbit.io/fluent/fluent-bit:3.2.10
local docker.io/axllent/mailpit:v1.24.1
local docker.io/curlimages/curl:8.9.1
local docker.io/grafana/grafana:11.6.1
local docker.io/jimmidyson/configmap-reload:v0.3.0
local docker.io/nginx:1.28.0
local docker.io/prom/alertmanager:v0.28.1
local docker.io/victoriametrics/operator:v0.56.0
local docker.io/victoriametrics/victoria-logs:v1.21.0-victorialogs
local docker.io/victoriametrics/vmalert:v1.116.0
local docker.io/victoriametrics/vmauth:v1.116.0
local docker.io/victoriametrics/vminsert:v1.116.0-cluster
local docker.io/victoriametrics/vmselect:v1.116.0-cluster
local docker.io/victoriametrics/vmstorage:v1.116.0-cluster
local quay.io/prometheus-operator/prometheus-config-reloader:v0.82.0
local quay.io/prometheus/blackbox-exporter:v0.26.0
v1.9.1 quay.io/prometheus/node-exporter:v1.9.1
local quay.io/prometheus/prometheus:v2.53.4
local quay.io/prometheus/pushgateway:v1.11.1
local registry.k8s.io/kube-state-metrics/kube-state-metrics:v2.15.0
local quay.io/prometheuscommunity/avalanche:v0.7.0
